python : [ai_engine] Batch error: Unknown field for GenerateContentRequest: request_options
At line:2 char:1
+ python validator.py --file vendor_master_sample_200.xlsx --module ven ...
+ ~~~~~~~~~~~~~~~~~~~~~~~~~~~~~~~~~~~~~~~~~~~~~~~~~~~~~~~~~~~~~~~~~~~~~
    + CategoryInfo          : NotSpecified: ([ai_engine] Bat...request_options:String) [], RemoteException
    + FullyQualifiedErrorId : NativeCommandError
 
